分类: 📺央视频道, 名称: CCTV-1, 有效: 0, IPv4: 40, IPv6: 0, 最小延迟: 1016 ms, 最高速率: 0.40 M/s, 平均速率: 0.00 M/s, 最高分辨率: 1920x1080
分类: 📺央视频道, 名称: CCTV-2, 有效: 0, IPv4: 39, IPv6: 0, 最小延迟: 1053 ms, 最高速率: 0.40 M/s, 平均速率: 0.00 M/s, 最高分辨率: 1920x1080
分类: 📺央视频道, 名称: CCTV-3, 有效: 1, IPv4: 42, IPv6: 0, 最小延迟: 235 ms, 最高速率: 9.72 M/s, 平均速率: 0.55 M/s, 最高分辨率: 1920x1080
分类: 📺央视频道, 名称: CCTV-4, 有效: 0, IPv4: 31, IPv6: 0, 最小延迟: 241 ms, 最高速率: 7.96 M/s, 平均速率: 0.00 M/s, 最高分辨率: 1920x1080
分类: 📺央视频道, 名称: CCTV-5, 有效: 2, IPv4: 38, IPv6: 0, 最小延迟: 272 ms, 最高速率: 15.58 M/s, 平均速率: 8.04 M/s, 最高分辨率: 1920x1080
分类: 📺央视频道, 名称: CCTV-5+, 有效: 0, IPv4: 22, IPv6: 0, 最小延迟: 526 ms, 最高速率: 2.10 M/s, 平均速率: 0.00 M/s, 最高分辨率: 1920x1080
分类: 📺央视频道, 名称: CCTV-6, 有效: 1, IPv4: 39, IPv6: 0, 最小延迟: 336 ms, 最高速率: 12.91 M/s, 平均速率: 12.91 M/s, 最高分辨率: 1920x1080
分类: 📺央视频道, 名称: CCTV-7, 有效: 0, IPv4: 34, IPv6: 0, 最小延迟: 217 ms, 最高速率: 8.49 M/s, 平均速率: 0.00 M/s, 最高分辨率: 1920x1080
分类: 📺央视频道, 名称: CCTV-8, 有效: 0, IPv4: 34, IPv6: 0, 最小延迟: 195 ms, 最高速率: 4.09 M/s, 平均速率: 0.00 M/s, 最高分辨率: 1920x1080
分类: 📺央视频道, 名称: CCTV-9, 有效: 0, IPv4: 36, IPv6: 0, 最小延迟: 1026 ms, 最高速率: 1.84 M/s, 平均速率: 0.00 M/s, 最高分辨率: 1920x1080
分类: 📺央视频道, 名称: CCTV-10, 有效: 0, IPv4: 35, IPv6: 0, 最小延迟: 244 ms, 最高速率: 9.10 M/s, 平均速率: 0.00 M/s, 最高分辨率: 1920x1080
分类: 📺央视频道, 名称: CCTV-11, 有效: 1, IPv4: 34, IPv6: 0, 最小延迟: 220 ms, 最高速率: 7.08 M/s, 平均速率: 1.98 M/s, 最高分辨率: 1920x1080
分类: 📺央视频道, 名称: CCTV-12, 有效: 2, IPv4: 29, IPv6: 0, 最小延迟: 1009 ms, 最高速率: 2.30 M/s, 平均速率: 1.45 M/s, 最高分辨率: 1920x1080
分类: 📺央视频道, 名称: CCTV-13, 有效: 1, IPv4: 37, IPv6: 0, 最小延迟: 303 ms, 最高速率: 14.23 M/s, 平均速率: 14.23 M/s, 最高分辨率: 1920x1080
分类: 📺央视频道, 名称: CCTV-14, 有效: 2, IPv4: 29, IPv6: 0, 最小延迟: 329 ms, 最高速率: 10.96 M/s, 平均速率: 8.08 M/s, 最高分辨率: 1920x1080
分类: 📺央视频道, 名称: CCTV-15, 有效: 3, IPv4: 39, IPv6: 0, 最小延迟: 491 ms, 最高速率: 8.24 M/s, 平均速率: 3.09 M/s, 最高分辨率: 1920x1080
分类: 📺央视频道, 名称: CCTV-16, 有效: 1, IPv4: 13, IPv6: 0, 最小延迟: 313 ms, 最高速率: 13.72 M/s, 平均速率: 13.72 M/s, 最高分辨率: 1920x1080
分类: 📺央视频道, 名称: CCTV-17, 有效: 1, IPv4: 19, IPv6: 0, 最小延迟: 720 ms, 最高速率: 6.76 M/s, 平均速率: 6.76 M/s, 最高分辨率: 1920x1080
分类: 📺央视频道, 名称: CETV-1, 有效: 0, IPv4: 13, IPv6: 0, 最小延迟: -1 ms, 最高速率: 0.00 M/s, 平均速率: 0.00 M/s, 最高分辨率: None
分类: 💰央视付费频道, 名称: 文化精品, 有效: 0, IPv4: 2, IPv6: 0, 最小延迟: -1 ms, 最高速率: 0.00 M/s, 平均速率: 0.00 M/s, 最高分辨率: None
分类: 📺央视频道, 名称: CETV-2, 有效: 0, IPv4: 6, IPv6: 0, 最小延迟: -1 ms, 最高速率: 0.00 M/s, 平均速率: 0.00 M/s, 最高分辨率: None
分类: 💰央视付费频道, 名称: 央视台球, 有效: 0, IPv4: 1, IPv6: 0, 最小延迟: -1 ms, 最高速率: 0.00 M/s, 平均速率: 0.00 M/s, 最高分辨率: None
分类: 📺央视频道, 名称: CETV-3, 有效: 0, IPv4: 2, IPv6: 0, 最小延迟: -1 ms, 最高速率: 0.00 M/s, 平均速率: 0.00 M/s, 最高分辨率: None
分类: 📺央视频道, 名称: CETV-4, 有效: 0, IPv4: 9, IPv6: 0, 最小延迟: -1 ms, 最高速率: 0.00 M/s, 平均速率: 0.00 M/s, 最高分辨率: None
分类: 💰央视付费频道, 名称: 风云音乐, 有效: 0, IPv4: 6, IPv6: 0, 最小延迟: -1 ms, 最高速率: 0.00 M/s, 平均速率: 0.00 M/s, 最高分辨率: None
分类: 💰央视付费频道, 名称: 第一剧场, 有效: 0, IPv4: 14, IPv6: 0, 最小延迟: 4036 ms, 最高速率: 0.20 M/s, 平均速率: 0.00 M/s, 最高分辨率: 1920x1080
分类: 💰央视付费频道, 名称: 风云剧场, 有效: 0, IPv4: 4, IPv6: 0, 最小延迟: -1 ms, 最高速率: 0.00 M/s, 平均速率: 0.00 M/s, 最高分辨率: None
分类: 💰央视付费频道, 名称: 怀旧剧场, 有效: 0, IPv4: 5, IPv6: 0, 最小延迟: -1 ms, 最高速率: 0.00 M/s, 平均速率: 0.00 M/s, 最高分辨率: None
分类: 💰央视付费频道, 名称: 女性时尚, 有效: 0, IPv4: 6, IPv6: 0, 最小延迟: 10363 ms, 最高速率: 0.23 M/s, 平均速率: 0.00 M/s, 最高分辨率: 1920x1080
分类: 💰央视付费频道, 名称: 世界地理, 有效: 0, IPv4: 3, IPv6: 0, 最小延迟: 10210 ms, 最高速率: 0.11 M/s, 平均速率: 0.00 M/s, 最高分辨率: 1920x1080
分类: 💰央视付费频道, 名称: 高尔夫网球, 有效: 0, IPv4: 2, IPv6: 0, 最小延迟: -1 ms, 最高速率: 0.00 M/s, 平均速率: 0.00 M/s, 最高分辨率: None
分类: 💰央视付费频道, 名称: 电视指南, 有效: 0, IPv4: 2, IPv6: 0, 最小延迟: -1 ms, 最高速率: 0.00 M/s, 平均速率: 0.00 M/s, 最高分辨率: None
分类: 💰央视付费频道, 名称: 风云足球, 有效: 0, IPv4: 4, IPv6: 0, 最小延迟: 10222 ms, 最高速率: 0.06 M/s, 平均速率: 0.00 M/s, 最高分辨率: 1920x1080
分类: 💰央视付费频道, 名称: 兵器科技, 有效: 0, IPv4: 4, IPv6: 0, 最小延迟: -1 ms, 最高速率: 0.00 M/s, 平均速率: 0.00 M/s, 最高分辨率: None
分类: 📡卫视频道, 名称: 香港卫视, 有效: 0, IPv4: 7, IPv6: 0, 最小延迟: -1 ms, 最高速率: 0.00 M/s, 平均速率: 0.00 M/s, 最高分辨率: None
分类: 📡卫视频道, 名称: 广东卫视, 有效: 1, IPv4: 31, IPv6: 0, 最小延迟: 509 ms, 最高速率: 34.60 M/s, 平均速率: 1.53 M/s, 最高分辨率: 1920x1080
分类: 📡卫视频道, 名称: 浙江卫视, 有效: 3, IPv4: 32, IPv6: 0, 最小延迟: 466 ms, 最高速率: 4.81 M/s, 平均速率: 2.72 M/s, 最高分辨率: 1920x1080
分类: 📡卫视频道, 名称: 湖南卫视, 有效: 4, IPv4: 39, IPv6: 0, 最小延迟: 40 ms, 最高速率: 11.43 M/s, 平均速率: 4.03 M/s, 最高分辨率: 3840x2160
分类: 📡卫视频道, 名称: 北京卫视, 有效: 0, IPv4: 27, IPv6: 0, 最小延迟: 39 ms, 最高速率: 2.59 M/s, 平均速率: 0.00 M/s, 最高分辨率: 1920x1080
分类: 📡卫视频道, 名称: 湖北卫视, 有效: 0, IPv4: 30, IPv6: 0, 最小延迟: 1046 ms, 最高速率: 0.40 M/s, 平均速率: 0.00 M/s, 最高分辨率: 1920x1080
分类: 📡卫视频道, 名称: 黑龙江卫视, 有效: 0, IPv4: 25, IPv6: 0, 最小延迟: 1234 ms, 最高速率: 0.17 M/s, 平均速率: 0.00 M/s, 最高分辨率: 1920x1080
分类: 📡卫视频道, 名称: 安徽卫视, 有效: 0, IPv4: 24, IPv6: 0, 最小延迟: 9280 ms, 最高速率: 0.47 M/s, 平均速率: 0.00 M/s, 最高分辨率: 1920x1080
分类: 📡卫视频道, 名称: 重庆卫视, 有效: 1, IPv4: 27, IPv6: 0, 最小延迟: 3596 ms, 最高速率: 0.51 M/s, 平均速率: 0.51 M/s, 最高分辨率: 1920x1080
分类: 📡卫视频道, 名称: 东方卫视, 有效: 3, IPv4: 28, IPv6: 0, 最小延迟: 273 ms, 最高速率: 9.29 M/s, 平均速率: 1.35 M/s, 最高分辨率: 1920x1080
分类: 📡卫视频道, 名称: 东南卫视, 有效: 0, IPv4: 18, IPv6: 0, 最小延迟: 6281 ms, 最高速率: 0.11 M/s, 平均速率: 0.00 M/s, 最高分辨率: 1920x1080
分类: 📡卫视频道, 名称: 甘肃卫视, 有效: 0, IPv4: 16, IPv6: 0, 最小延迟: 10057 ms, 最高速率: 0.12 M/s, 平均速率: 0.00 M/s, 最高分辨率: 1920x1080
分类: 📡卫视频道, 名称: 广西卫视, 有效: 1, IPv4: 24, IPv6: 0, 最小延迟: 5033 ms, 最高速率: 0.64 M/s, 平均速率: 0.64 M/s, 最高分辨率: 1920x1080
分类: 📡卫视频道, 名称: 贵州卫视, 有效: 1, IPv4: 25, IPv6: 0, 最小延迟: 6202 ms, 最高速率: 0.97 M/s, 平均速率: 0.97 M/s, 最高分辨率: 1920x1080
分类: 📡卫视频道, 名称: 海南卫视, 有效: 1, IPv4: 19, IPv6: 0, 最小延迟: 1568 ms, 最高速率: 0.51 M/s, 平均速率: 0.51 M/s, 最高分辨率: 1920x1080
分类: 📡卫视频道, 名称: 河北卫视, 有效: 0, IPv4: 20, IPv6: 0, 最小延迟: 10036 ms, 最高速率: 0.20 M/s, 平均速率: 0.00 M/s, 最高分辨率: 1920x1080
分类: 📡卫视频道, 名称: 河南卫视, 有效: 2, IPv4: 28, IPv6: 0, 最小延迟: 243 ms, 最高速率: 5.78 M/s, 平均速率: 3.28 M/s, 最高分辨率: 1920x1080
分类: 📡卫视频道, 名称: 吉林卫视, 有效: 0, IPv4: 20, IPv6: 0, 最小延迟: 10112 ms, 最高速率: 0.23 M/s, 平均速率: 0.00 M/s, 最高分辨率: 1920x1080
分类: 📡卫视频道, 名称: 江苏卫视, 有效: 0, IPv4: 28, IPv6: 0, 最小延迟: 1018 ms, 最高速率: 0.44 M/s, 平均速率: 0.00 M/s, 最高分辨率: 1920x1080
分类: 📡卫视频道, 名称: 江西卫视, 有效: 1, IPv4: 28, IPv6: 0, 最小延迟: 1025 ms, 最高速率: 0.56 M/s, 平均速率: 0.56 M/s, 最高分辨率: 1920x1080
分类: 📡卫视频道, 名称: 辽宁卫视, 有效: 0, IPv4: 24, IPv6: 0, 最小延迟: 1058 ms, 最高速率: 0.49 M/s, 平均速率: 0.00 M/s, 最高分辨率: 1920x1080
分类: 📡卫视频道, 名称: 内蒙古卫视, 有效: 0, IPv4: 22, IPv6: 0, 最小延迟: 1196 ms, 最高速率: 0.29 M/s, 平均速率: 0.00 M/s, 最高分辨率: 1920x1080
分类: 📡卫视频道, 名称: 宁夏卫视, 有效: 0, IPv4: 16, IPv6: 0, 最小延迟: 2409 ms, 最高速率: 0.36 M/s, 平均速率: 0.00 M/s, 最高分辨率: 1920x1080
分类: 📡卫视频道, 名称: 青海卫视, 有效: 0, IPv4: 17, IPv6: 0, 最小延迟: 10054 ms, 最高速率: 0.13 M/s, 平均速率: 0.00 M/s, 最高分辨率: 1920x1080
分类: 📡卫视频道, 名称: 山东卫视, 有效: 0, IPv4: 25, IPv6: 0, 最小延迟: 4087 ms, 最高速率: 0.40 M/s, 平均速率: 0.00 M/s, 最高分辨率: 1920x1080
分类: 📡卫视频道, 名称: 山西卫视, 有效: 0, IPv4: 21, IPv6: 0, 最小延迟: 3470 ms, 最高速率: 0.20 M/s, 平均速率: 0.00 M/s, 最高分辨率: 1920x1080
分类: 📡卫视频道, 名称: 陕西卫视, 有效: 0, IPv4: 19, IPv6: 0, 最小延迟: 5199 ms, 最高速率: 0.40 M/s, 平均速率: 0.00 M/s, 最高分辨率: 1920x1080
分类: 📡卫视频道, 名称: 四川卫视, 有效: 0, IPv4: 34, IPv6: 0, 最小延迟: 51 ms, 最高速率: 2.07 M/s, 平均速率: 0.00 M/s, 最高分辨率: 1920x1080
分类: 📡卫视频道, 名称: 深圳卫视, 有效: 2, IPv4: 21, IPv6: 0, 最小延迟: 3081 ms, 最高速率: 0.65 M/s, 平均速率: 0.62 M/s, 最高分辨率: 1920x1080
分类: 📡卫视频道, 名称: 三沙卫视, 有效: 0, IPv4: 4, IPv6: 0, 最小延迟: 2158 ms, 最高速率: 0.32 M/s, 平均速率: 0.00 M/s, 最高分辨率: 1280x720
分类: 📡卫视频道, 名称: 天津卫视, 有效: 1, IPv4: 21, IPv6: 0, 最小延迟: 6750 ms, 最高速率: 0.62 M/s, 平均速率: 0.62 M/s, 最高分辨率: 1920x1080
分类: 📡卫视频道, 名称: 西藏卫视, 有效: 0, IPv4: 21, IPv6: 0, 最小延迟: 10215 ms, 最高速率: 0.17 M/s, 平均速率: 0.00 M/s, 最高分辨率: 1920x1080
分类: 📡卫视频道, 名称: 新疆卫视, 有效: 0, IPv4: 27, IPv6: 0, 最小延迟: 2345 ms, 最高速率: 0.16 M/s, 平均速率: 0.00 M/s, 最高分辨率: 720x576
分类: ☘️陕西频道, 名称: 陕西都市青春, 有效: 0, IPv4: 1, IPv6: 0, 最小延迟: 10147 ms, 最高速率: 0.02 M/s, 平均速率: 0.00 M/s, 最高分辨率: 720x576
分类: ☘️山西频道, 名称: 太谷新闻综合, 有效: 3, IPv4: 3, IPv6: 0, 最小延迟: 1053 ms, 最高速率: 1.33 M/s, 平均速率: 0.87 M/s, 最高分辨率: 1920x1080
分类: ☘️山西频道, 名称: 万荣综合, 有效: 0, IPv4: 1, IPv6: 0, 最小延迟: 10807 ms, 最高速率: 0.13 M/s, 平均速率: 0.00 M/s, 最高分辨率: 720x404
分类: ☘️山西频道, 名称: 山西文体生活, 有效: 0, IPv4: 1, IPv6: 0, 最小延迟: -1 ms, 最高速率: 0.00 M/s, 平均速率: 0.00 M/s, 最高分辨率: None
分类: ☘️山西频道, 名称: 大宁综合, 有效: 0, IPv4: 1, IPv6: 0, 最小延迟: 1133 ms, 最高速率: 0.06 M/s, 平均速率: 0.00 M/s, 最高分辨率: None
分类: ☘️山西频道, 名称: 山西社会与法治, 有效: 0, IPv4: 1, IPv6: 0, 最小延迟: -1 ms, 最高速率: 0.00 M/s, 平均速率: 0.00 M/s, 最高分辨率: None
分类: ☘️山西频道, 名称: 古县综合, 有效: 0, IPv4: 1, IPv6: 0, 最小延迟: 2213 ms, 最高速率: 0.34 M/s, 平均速率: 0.00 M/s, 最高分辨率: 720x480
分类: 📡卫视频道, 名称: 云南卫视, 有效: 0, IPv4: 24, IPv6: 0, 最小延迟: 2559 ms, 最高速率: 0.35 M/s, 平均速率: 0.00 M/s, 最高分辨率: 1920x1080
分类: ☘️山西频道, 名称: 山西经济与科技, 有效: 0, IPv4: 1, IPv6: 0, 最小延迟: -1 ms, 最高速率: 0.00 M/s, 平均速率: 0.00 M/s, 最高分辨率: None
分类: ☘️山西频道, 名称: 平遥新闻综合, 有效: 0, IPv4: 1, IPv6: 0, 最小延迟: 2398 ms, 最高速率: 0.15 M/s, 平均速率: 0.00 M/s, 最高分辨率: 1920x1080
分类: ☘️山西频道, 名称: 黄河电视台, 有效: 0, IPv4: 1, IPv6: 0, 最小延迟: -1 ms, 最高速率: 0.00 M/s, 平均速率: 0.00 M/s, 最高分辨率: None
分类: ☘️山西频道, 名称: 定襄综合, 有效: 0, IPv4: 1, IPv6: 0, 最小延迟: 1532 ms, 最高速率: 0.29 M/s, 平均速率: 0.00 M/s, 最高分辨率: 1280x720
分类: ☘️山西频道, 名称: 怀仁综合, 有效: 0, IPv4: 1, IPv6: 0, 最小延迟: 1524 ms, 最高速率: 0.27 M/s, 平均速率: 0.00 M/s, 最高分辨率: 1920x1080
分类: ☘️山西频道, 名称: 黎城综合, 有效: 2, IPv4: 2, IPv6: 0, 最小延迟: 1843 ms, 最高速率: 1.05 M/s, 平均速率: 1.04 M/s, 最高分辨率: 1920x1080
分类: ☘️山西频道, 名称: 武乡新闻综合, 有效: 0, IPv4: 1, IPv6: 0, 最小延迟: 1482 ms, 最高速率: 0.30 M/s, 平均速率: 0.00 M/s, 最高分辨率: 1280x720
分类: ☘️宁夏频道, 名称: 宁夏公共, 有效: 0, IPv4: 1, IPv6: 0, 最小延迟: -1 ms, 最高速率: 0.00 M/s, 平均速率: 0.00 M/s, 最高分辨率: None
分类: ☘️宁夏频道, 名称: 宁夏经济, 有效: 0, IPv4: 1, IPv6: 0, 最小延迟: -1 ms, 最高速率: 0.00 M/s, 平均速率: 0.00 M/s, 最高分辨率: None
分类: ☘️宁夏频道, 名称: 宁夏少儿, 有效: 0, IPv4: 1, IPv6: 0, 最小延迟: -1 ms, 最高速率: 0.00 M/s, 平均速率: 0.00 M/s, 最高分辨率: None
分类: ☘️内蒙古频道, 名称: 内蒙少儿, 有效: 0, IPv4: 1, IPv6: 0, 最小延迟: -1 ms, 最高速率: 0.00 M/s, 平均速率: 0.00 M/s, 最高分辨率: None
分类: ☘️内蒙古频道, 名称: 内蒙文体, 有效: 0, IPv4: 1, IPv6: 0, 最小延迟: -1 ms, 最高速率: 0.00 M/s, 平均速率: 0.00 M/s, 最高分辨率: None
分类: ☘️山西频道, 名称: 祁县新闻综合, 有效: 0, IPv4: 1, IPv6: 0, 最小延迟: 1444 ms, 最高速率: 0.23 M/s, 平均速率: 0.00 M/s, 最高分辨率: 640x360
分类: ☘️内蒙古频道, 名称: 内蒙经济, 有效: 0, IPv4: 1, IPv6: 0, 最小延迟: -1 ms, 最高速率: 0.00 M/s, 平均速率: 0.00 M/s, 最高分辨率: None
分类: ☘️内蒙古频道, 名称: 内蒙新闻, 有效: 0, IPv4: 1, IPv6: 0, 最小延迟: -1 ms, 最高速率: 0.00 M/s, 平均速率: 0.00 M/s, 最高分辨率: None
分类: ☘️内蒙古频道, 名称: 蒙语文化, 有效: 0, IPv4: 1, IPv6: 0, 最小延迟: -1 ms, 最高速率: 0.00 M/s, 平均速率: 0.00 M/s, 最高分辨率: None
分类: ☘️内蒙古频道, 名称: 内蒙农牧, 有效: 0, IPv4: 1, IPv6: 0, 最小延迟: -1 ms, 最高速率: 0.00 M/s, 平均速率: 0.00 M/s, 最高分辨率: None
分类: ☘️山西频道, 名称: 山西影视, 有效: 0, IPv4: 2, IPv6: 0, 最小延迟: -1 ms, 最高速率: 0.00 M/s, 平均速率: 0.00 M/s, 最高分辨率: None
分类: ☘️山西频道, 名称: 长子综合, 有效: 0, IPv4: 1, IPv6: 0, 最小延迟: 10191 ms, 最高速率: 0.36 M/s, 平均速率: 0.00 M/s, 最高分辨率: None
分类: ☘️山西频道, 名称: 山西文体, 有效: 0, IPv4: 1, IPv6: 0, 最小延迟: -1 ms, 最高速率: 0.00 M/s, 平均速率: 0.00 M/s, 最高分辨率: None
分类: ☘️山西频道, 名称: 山西经济, 有效: 0, IPv4: 1, IPv6: 0, 最小延迟: -1 ms, 最高速率: 0.00 M/s, 平均速率: 0.00 M/s, 最高分辨率: None
分类: ☘️山西频道, 名称: 山西法治, 有效: 0, IPv4: 1, IPv6: 0, 最小延迟: -1 ms, 最高速率: 0.00 M/s, 平均速率: 0.00 M/s, 最高分辨率: None
分类: 🌊港·澳·台, 名称: 翡翠台, 有效: 0, IPv4: 9, IPv6: 0, 最小延迟: 213 ms, 最高速率: 5.18 M/s, 平均速率: 0.00 M/s, 最高分辨率: 1920x1080
分类: 🌊港·澳·台, 名称: 明珠台, 有效: 0, IPv4: 3, IPv6: 0, 最小延迟: 432 ms, 最高速率: 0.34 M/s, 平均速率: 0.00 M/s, 最高分辨率: 1920x1080
分类: 🌊港·澳·台, 名称: 凤凰卫视, 有效: 0, IPv4: 1, IPv6: 0, 最小延迟: 211 ms, 最高速率: 1.60 M/s, 平均速率: 0.00 M/s, 最高分辨率: 840x480
分类: 🌊港·澳·台, 名称: TVBS亚洲, 有效: 1, IPv4: 1, IPv6: 0, 最小延迟: 2374 ms, 最高速率: 0.76 M/s, 平均速率: 0.76 M/s, 最高分辨率: 1920x1080
分类: 🌊港·澳·台, 名称: J2, 有效: 0, IPv4: 1, IPv6: 0, 最小延迟: -1 ms, 最高速率: 0.00 M/s, 平均速率: 0.00 M/s, 最高分辨率: None
分类: 🌊港·澳·台, 名称: 凤凰资讯, 有效: 0, IPv4: 8, IPv6: 0, 最小延迟: 4823 ms, 最高速率: 0.28 M/s, 平均速率: 0.00 M/s, 最高分辨率: 1280x720
分类: 🌊港·澳·台, 名称: 三立台湾, 有效: 0, IPv4: 1, IPv6: 0, 最小延迟: -1 ms, 最高速率: 0.00 M/s, 平均速率: 0.00 M/s, 最高分辨率: 1920x1080
分类: 🌊港·澳·台, 名称: Viutv, 有效: 0, IPv4: 1, IPv6: 0, 最小延迟: -1 ms, 最高速率: 0.00 M/s, 平均速率: 0.00 M/s, 最高分辨率: 1920x1080
分类: 🌊港·澳·台, 名称: 凤凰中文, 有效: 0, IPv4: 11, IPv6: 0, 最小延迟: 9727 ms, 最高速率: 0.28 M/s, 平均速率: 0.00 M/s, 最高分辨率: 720x576
分类: 🌊港·澳·台, 名称: Now剧集, 有效: 0, IPv4: 1, IPv6: 0, 最小延迟: -1 ms, 最高速率: 0.00 M/s, 平均速率: 0.00 M/s, 最高分辨率: None
分类: 🌊港·澳·台, 名称: Now华剧, 有效: 0, IPv4: 1, IPv6: 0, 最小延迟: -1 ms, 最高速率: 0.00 M/s, 平均速率: 0.00 M/s, 最高分辨率: None
分类: 🌊港·澳·台, 名称: 星卫娱乐, 有效: 0, IPv4: 1, IPv6: 0, 最小延迟: -1 ms, 最高速率: 0.00 M/s, 平均速率: 0.00 M/s, 最高分辨率: None
分类: 🌊港·澳·台, 名称: 靖天资讯, 有效: 0, IPv4: 3, IPv6: 0, 最小延迟: 173 ms, 最高速率: 0.00 M/s, 平均速率: 0.00 M/s, 最高分辨率: None
分类: 🌊港·澳·台, 名称: 纬来体育, 有效: 0, IPv4: 2, IPv6: 0, 最小延迟: 10005 ms, 最高速率: 0.00 M/s, 平均速率: 0.00 M/s, 最高分辨率: None
分类: 🌊港·澳·台, 名称: 纬来育乐, 有效: 0, IPv4: 5, IPv6: 0, 最小延迟: 10005 ms, 最高速率: 0.00 M/s, 平均速率: 0.00 M/s, 最高分辨率: None
分类: 🌊港·澳·台, 名称: 东森超视, 有效: 1, IPv4: 3, IPv6: 0, 最小延迟: 1727 ms, 最高速率: 0.56 M/s, 平均速率: 0.56 M/s, 最高分辨率: 1920x1080
分类: 🌊港·澳·台, 名称: 凤凰香港, 有效: 0, IPv4: 9, IPv6: 0, 最小延迟: 216 ms, 最高速率: 1.60 M/s, 平均速率: 0.00 M/s, 最高分辨率: 840x480
分类: 🌊港·澳·台, 名称: 东森综合, 有效: 0, IPv4: 3, IPv6: 0, 最小延迟: -1 ms, 最高速率: 0.00 M/s, 平均速率: 0.00 M/s, 最高分辨率: 1920x1080
分类: 🌊港·澳·台, 名称: 三立新闻, 有效: 0, IPv4: 2, IPv6: 0, 最小延迟: -1 ms, 最高速率: 0.00 M/s, 平均速率: 0.00 M/s, 最高分辨率: 1920x1080
分类: 🌊港·澳·台, 名称: 东森电影, 有效: 0, IPv4: 3, IPv6: 0, 最小延迟: -1 ms, 最高速率: 0.00 M/s, 平均速率: 0.00 M/s, 最高分辨率: 1920x1080
分类: 🎬电影频道, 名称: 靖天映画, 有效: 0, IPv4: 6, IPv6: 0, 最小延迟: 520 ms, 最高速率: 0.00 M/s, 平均速率: 0.00 M/s, 最高分辨率: None
分类: 🎬电影频道, 名称: 经典电影, 有效: 0, IPv4: 1, IPv6: 0, 最小延迟: -1 ms, 最高速率: 0.00 M/s, 平均速率: 0.00 M/s, 最高分辨率: 1920x1080
分类: 🎬电影频道, 名称: 靖天戏剧, 有效: 0, IPv4: 4, IPv6: 0, 最小延迟: 346 ms, 最高速率: 0.00 M/s, 平均速率: 0.00 M/s, 最高分辨率: None
分类: 🎬电影频道, 名称: IPTV经典电影, 有效: 0, IPv4: 1, IPv6: 0, 最小延迟: -1 ms, 最高速率: 0.00 M/s, 平均速率: 0.00 M/s, 最高分辨率: 1920x1080
分类: 🎬电影频道, 名称: CHC动作电影, 有效: 0, IPv4: 6, IPv6: 0, 最小延迟: 1041 ms, 最高速率: 0.39 M/s, 平均速率: 0.00 M/s, 最高分辨率: 1920x1080
分类: 🎬电影频道, 名称: 私人影院, 有效: 0, IPv4: 1, IPv6: 0, 最小延迟: -1 ms, 最高速率: 0.00 M/s, 平均速率: 0.00 M/s, 最高分辨率: None
分类: 🎬电影频道, 名称: 龙祥电影, 有效: 0, IPv4: 4, IPv6: 0, 最小延迟: -1 ms, 最高速率: 0.00 M/s, 平均速率: 0.00 M/s, 最高分辨率: None
分类: 🎬电影频道, 名称: CHC家庭影院, 有效: 0, IPv4: 5, IPv6: 0, 最小延迟: 1064 ms, 最高速率: 0.38 M/s, 平均速率: 0.00 M/s, 最高分辨率: 1920x1080
分类: 🎬电影频道, 名称: NewTV惊悚悬疑, 有效: 0, IPv4: 1, IPv6: 0, 最小延迟: -1 ms, 最高速率: 0.00 M/s, 平均速率: 0.00 M/s, 最高分辨率: None
分类: 🎬电影频道, 名称: NewTV动作电影, 有效: 0, IPv4: 1, IPv6: 0, 最小延迟: -1 ms, 最高速率: 0.00 M/s, 平均速率: 0.00 M/s, 最高分辨率: None
分类: 🎬电影频道, 名称: 无线星河, 有效: 0, IPv4: 1, IPv6: 0, 最小延迟: 11000 ms, 最高速率: 0.01 M/s, 平均速率: 0.00 M/s, 最高分辨率: None
分类: 🎬电影频道, 名称: 天映经典, 有效: 1, IPv4: 9, IPv6: 0, 最小延迟: 58 ms, 最高速率: 0.65 M/s, 平均速率: 0.65 M/s, 最高分辨率: 1920x1080
分类: 🎬电影频道, 名称: 纬来电影, 有效: 0, IPv4: 7, IPv6: 0, 最小延迟: -1 ms, 最高速率: 0.00 M/s, 平均速率: 0.00 M/s, 最高分辨率: 1920x1080
分类: 🏀体育频道, 名称: 劲爆体育, 有效: 0, IPv4: 3, IPv6: 0, 最小延迟: -1 ms, 最高速率: 0.00 M/s, 平均速率: 0.00 M/s, 最高分辨率: None
分类: 🎬电影频道, 名称: 星空卫视, 有效: 0, IPv4: 1, IPv6: 0, 最小延迟: 7976 ms, 最高速率: 0.33 M/s, 平均速率: 0.00 M/s, 最高分辨率: None
分类: 🎬电影频道, 名称: 东森洋片, 有效: 0, IPv4: 7, IPv6: 0, 最小延迟: -1 ms, 最高速率: 0.00 M/s, 平均速率: 0.00 M/s, 最高分辨率: None
分类: 🏀体育频道, 名称: 广州竞赛, 有效: 0, IPv4: 1, IPv6: 0, 最小延迟: 491 ms, 最高速率: 5.85 M/s, 平均速率: 0.00 M/s, 最高分辨率: 1280x720
分类: 🏀体育频道, 名称: 广东体育, 有效: 0, IPv4: 4, IPv6: 0, 最小延迟: 10224 ms, 最高速率: 0.07 M/s, 平均速率: 0.00 M/s, 最高分辨率: 1920x1080
分类: 🏀体育频道, 名称: 五星体育, 有效: 0, IPv4: 5, IPv6: 0, 最小延迟: 690 ms, 最高速率: 0.00 M/s, 平均速率: 0.00 M/s, 最高分辨率: None
分类: 🏀体育频道, 名称: 睛彩篮球, 有效: 0, IPv4: 3, IPv6: 0, 最小延迟: -1 ms, 最高速率: 0.00 M/s, 平均速率: 0.00 M/s, 最高分辨率: None
分类: 🏀体育频道, 名称: 睛彩广场舞, 有效: 0, IPv4: 3, IPv6: 0, 最小延迟: -1 ms, 最高速率: 0.00 M/s, 平均速率: 0.00 M/s, 最高分辨率: None
分类: 🏀体育频道, 名称: 魅力足球, 有效: 0, IPv4: 2, IPv6: 0, 最小延迟: -1 ms, 最高速率: 0.00 M/s, 平均速率: 0.00 M/s, 最高分辨率: None
分类: 🏀体育频道, 名称: 快乐垂钓, 有效: 0, IPv4: 3, IPv6: 0, 最小延迟: 457 ms, 最高速率: 0.00 M/s, 平均速率: 0.00 M/s, 最高分辨率: None
分类: 🏀体育频道, 名称: 江苏体育, 有效: 0, IPv4: 5, IPv6: 0, 最小延迟: -1 ms, 最高速率: 0.00 M/s, 平均速率: 0.00 M/s, 最高分辨率: None
分类: 🏀体育频道, 名称: 山东体育, 有效: 0, IPv4: 3, IPv6: 0, 最小延迟: 10029 ms, 最高速率: 0.00 M/s, 平均速率: 0.00 M/s, 最高分辨率: None
分类: 🏀体育频道, 名称: 辽宁体育, 有效: 0, IPv4: 1, IPv6: 0, 最小延迟: 10194 ms, 最高速率: 0.00 M/s, 平均速率: 0.00 M/s, 最高分辨率: None
分类: 🪁动画频道, 名称: 新动漫, 有效: 0, IPv4: 1, IPv6: 0, 最小延迟: -1 ms, 最高速率: 0.00 M/s, 平均速率: 0.00 M/s, 最高分辨率: None
分类: 🪁动画频道, 名称: 动漫秀场, 有效: 0, IPv4: 5, IPv6: 0, 最小延迟: -1 ms, 最高速率: 0.00 M/s, 平均速率: 0.00 M/s, 最高分辨率: None
分类: 🪁动画频道, 名称: 爱动漫, 有效: 0, IPv4: 1, IPv6: 0, 最小延迟: -1 ms, 最高速率: 0.00 M/s, 平均速率: 0.00 M/s, 最高分辨率: None
分类: 🪁动画频道, 名称: CN卡通, 有效: 0, IPv4: 1, IPv6: 0, 最小延迟: -1 ms, 最高速率: 0.00 M/s, 平均速率: 0.00 M/s, 最高分辨率: 1920x1080
分类: 🏀体育频道, 名称: 安徽综艺体育, 有效: 0, IPv4: 2, IPv6: 0, 最小延迟: 10455 ms, 最高速率: 0.21 M/s, 平均速率: 0.00 M/s, 最高分辨率: None
分类: 🪁动画频道, 名称: 少儿动画, 有效: 0, IPv4: 10, IPv6: 0, 最小延迟: -1 ms, 最高速率: 0.00 M/s, 平均速率: 0.00 M/s, 最高分辨率: None
分类: 🪁动画频道, 名称: 优漫卡通, 有效: 0, IPv4: 4, IPv6: 0, 最小延迟: -1 ms, 最高速率: 0.00 M/s, 平均速率: 0.00 M/s, 最高分辨率: None
分类: 🪁动画频道, 名称: 浙江少儿, 有效: 0, IPv4: 4, IPv6: 0, 最小延迟: 1017 ms, 最高速率: 0.33 M/s, 平均速率: 0.00 M/s, 最高分辨率: 1920x1080
分类: 🪁动画频道, 名称: 蜡笔小新, 有效: 0, IPv4: 1, IPv6: 0, 最小延迟: -1 ms, 最高速率: 0.00 M/s, 平均速率: 0.00 M/s, 最高分辨率: 1920x1080
分类: 🪁动画频道, 名称: 中华小当家, 有效: 0, IPv4: 1, IPv6: 0, 最小延迟: 345 ms, 最高速率: 0.00 M/s, 平均速率: 0.00 M/s, 最高分辨率: None
分类: 🎮游戏频道, 名称: 游戏风云, 有效: 0, IPv4: 5, IPv6: 0, 最小延迟: -1 ms, 最高速率: 0.00 M/s, 平均速率: 0.00 M/s, 最高分辨率: None
分类: 🏛经典剧场, 名称: 天龙八部, 有效: 0, IPv4: 1, IPv6: 0, 最小延迟: -1 ms, 最高速率: 0.00 M/s, 平均速率: 0.00 M/s, 最高分辨率: None
分类: 🎵音乐频道, 名称: 音乐现场, 有效: 0, IPv4: 2, IPv6: 0, 最小延迟: 32 ms, 最高速率: 2.77 M/s, 平均速率: 0.00 M/s, 最高分辨率: None
分类: 🪁动画频道, 名称: 金鹰卡通, 有效: 0, IPv4: 20, IPv6: 0, 最小延迟: 10243 ms, 最高速率: 0.09 M/s, 平均速率: 0.00 M/s, 最高分辨率: 1920x1080
分类: 🪁动画频道, 名称: 河北少儿科教, 有效: 0, IPv4: 1, IPv6: 0, 最小延迟: -1 ms, 最高速率: 0.00 M/s, 平均速率: 0.00 M/s, 最高分辨率: None
分类: 🪁动画频道, 名称: 七龙珠, 有效: 0, IPv4: 2, IPv6: 0, 最小延迟: -1 ms, 最高速率: 0.00 M/s, 平均速率: 0.00 M/s, 最高分辨率: None
分类: 🪁动画频道, 名称: 火影忍者, 有效: 0, IPv4: 1, IPv6: 0, 最小延迟: -1 ms, 最高速率: 0.00 M/s, 平均速率: 0.00 M/s, 最高分辨率: None
分类: 🏛经典剧场, 名称: 西游记, 有效: 0, IPv4: 2, IPv6: 0, 最小延迟: -1 ms, 最高速率: 0.00 M/s, 平均速率: 0.00 M/s, 最高分辨率: None
分类: 🏛经典剧场, 名称: 闯关东, 有效: 0, IPv4: 1, IPv6: 0, 最小延迟: -1 ms, 最高速率: 0.00 M/s, 平均速率: 0.00 M/s, 最高分辨率: None
